[www.lalal.ai/index.html]
[www.googleoptimize.com/optimize91d0.js]
[backblue.gif]
[fade.gif]
[index.html]
[www.lalal.ai/s/bundles/home-2d3bfb135deb84e1aac1.css]
[www.lalal.ai/s/bundles/widget-a22f0a93a4052cecb753.css]
[www.lalal.ai/help/index.html]
[www.lalal.ai/s/bundles/home-8b3255088dc0feaad6d1.js]
[www.lalal.ai/zh-hans/index.html]
[www.lalal.ai/index.html]
[www.lalal.ai/about/index.html]
[www.lalal.ai/business-solutions/index.html]
[s.lalal.ai/icons/favicon-32x32.html]
[www.lalal.ai/zh-hant/index.html]
[s.lalal.ai/icons/favicon-16x16.html]
[www.lalal.ai/s/bundles/widget-67136a829b12c18195ec.js]
[s.lalal.ai/icons/apple/apple-touch-icon.html]
[www.lalal.ai/fr/index.html]
[www.lalal.ai/de/index.html]
[www.googletagmanager.com/gtm5445.html]
[s.lalal.ai/img/home/api_lalal.html]
[www.lalal.ai/it/index.html]
[www.lalal.ai/ja/index.html]
[www.lalal.ai/ko/index.html]
[www.lalal.ai/es/index.html]
[www.lalal.ai/s/bundles/Lalal-Regular.woff2]
[www.lalal.ai/terms-and-conditions/index.html]
[www.lalal.ai/api/help/index.html]
[www.lalal.ai/blog/meet-lalal-ai-cassiopeia-a-milestone-in-music-source-separation/index.html]
[www.lalal.ai/s/bundles/Lalal-Regular.woff]
[www.lalal.ai/s/bundles/Lalal-Regular.ttf]
[www.lalal.ai/blog/index.html]
[www.lalal.ai/media-kit/index.html]
[www.lalal.ai/press/index.html]
[www.lalal.ai/s/bundles/Lalal-Regular.eot]
[www.lalal.ai/privacy-policy/index.html]
[www.lalal.ai/s/bundles/Lalal-UltraLight.woff2]
[www.lalal.ai/s/bundles/Lalal-UltraLight.woff]
[www.lalal.ai/s/bundles/Lalal-UltraLight.ttf]
[www.lalal.ai/s/bundles/Lalal-UltraLight.eot]
[www.lalal.ai/s/bundles/wechat-qr.da5f7fa42ad2b0185bc87b4140e27ef5.svg]
[www.lalal.ai/s/img/home/modern.svg]
[www.lalal.ai/s/bundles/home-2d3bfb135deb84e1aac1.css]
[www.lalal.ai/s/img/home/modern.min.svg]
[www.lalal.ai/s/bundles/widget-a22f0a93a4052cecb753.css]
[www.lalal.ai/s/bundles/help-3f96129399f4866bf070.css]
[www.lalal.ai/help/index.html]
[www.lalal.ai/s/bundles/help-686f8f067ea5b65006a2.js]
[www.lalal.ai/zh-hans/help/index.html]
[www.lalal.ai/zh-hant/help/index.html]
[www.lalal.ai/s/bundles/terms-7a572a6bf128544bb05d.css]
[www.lalal.ai/fr/help/index.html]
[www.lalal.ai/de/help/index.html]
[www.lalal.ai/it/help/index.html]
[www.lalal.ai/about/index.html]
[www.lalal.ai/ja/help/index.html]
[www.lalal.ai/s/bundles/terms-755a0d0f69e612a96d95.js]
[www.lalal.ai/ko/help/index.html]
[www.lalal.ai/es/help/index.html]
[www.lalal.ai/guides/how-to-remove-vocal-from-a-song/index.html]
[www.lalal.ai/s/bundles/businessSolutions-fa9f3fd464b46e32ccf0.css]
[www.lalal.ai/guides/how-to-create-an-acapella-from-a-song/index.html]
[www.lalal.ai/guides/how-to-create-an-instrumental-track/index.html]
[www.lalal.ai/guides/how-to-extract-voice-from-any-video-or-movie/index.html]
[www.lalal.ai/business-solutions/index.html]
[www.lalal.ai/guides/how-to-remove-drums-and-percussion/index.html]
[www.lalal.ai/guides/how-to-remove-bass/index.html]
[www.lalal.ai/zh-hans/index.html]
[www.lalal.ai/s/bundles/businessSolutions-ec7094932168b8a2ff34.js]
[www.lalal.ai/guides/how-to-remove-piano/index.html]
[www.lalal.ai/zh-hant/index.html]
[www.lalal.ai/guides/how-to-remove-guitar/index.html]
[www.lalal.ai/fr/index.html]
[www.lalal.ai/guides/how-to-create-a-mashup/index.html]
[www.lalal.ai/guides/how-to-make-beats/index.html]
[www.lalal.ai/zh-hans/about/index.html]
[www.lalal.ai/de/index.html]
[www.lalal.ai/zh-hant/about/index.html]
[www.lalal.ai/fr/about/index.html]
[www.lalal.ai/it/index.html]
[www.lalal.ai/it/about/index.html]
[www.lalal.ai/de/about/index.html]
[www.lalal.ai/ja/about/index.html]
[www.lalal.ai/ja/index.html]
[www.lalal.ai/ko/about/index.html]
[www.lalal.ai/zh-hans/business-solutions/index.html]
[www.lalal.ai/es/about/index.html]
[www.lalal.ai/ko/index.html]
[www.lalal.ai/zh-hant/business-solutions/index.html]
[www.lalal.ai/fr/business-solutions/index.html]
[www.lalal.ai/de/business-solutions/index.html]
[www.lalal.ai/es/index.html]
[www.lalal.ai/it/business-solutions/index.html]
[www.lalal.ai/ja/business-solutions/index.html]
[www.lalal.ai/ko/business-solutions/index.html]
[www.lalal.ai/es/business-solutions/index.html]
[www.lalal.ai/zh-hans/terms-and-conditions/index.html]
[www.lalal.ai/blog/assets/built/screen48eb.css]
[www.lalal.ai/zh-hans/media-kit/index.html]
[www.lalal.ai/zh-hans/press/index.html]
[www.lalal.ai/blog/favicon.png]
[www.lalal.ai/zh-hans/privacy-policy/index.html]
[www.lalal.ai/zh-hant/terms-and-conditions/index.html]
[www.lalal.ai/zh-hant/media-kit/index.html]
[www.lalal.ai/zh-hant/press/index.html]
[www.lalal.ai/zh-hant/privacy-policy/index.html]
[www.lalal.ai/fr/terms-and-conditions/index.html]
[www.lalal.ai/fr/media-kit/index.html]
[www.lalal.ai/fr/press/index.html]
[code.jquery.com/jquery-3.4.1.min.js]
[www.lalal.ai/fr/privacy-policy/index.html]
[www.lalal.ai/blog/assets/built/casper48eb.js]
[www.lalal.ai/de/terms-and-conditions/index.html]
[www.lalal.ai/de/media-kit/index.html]
[cdn.jsdelivr.net/npm/medium-zoom/dist/medium-zoom.min.js]
[www.lalal.ai/blog/meet-lalal-ai-cassiopeia-a-milestone-in-music-source-separation/index.html]
[www.lalal.ai/terms-and-conditions/index.html]
[www.lalal.ai/de/press/index.html]
[s.lalal.ai/img/loader-white.html]
[www.lalal.ai/it/terms-and-conditions/index.html]
[s.lalal.ai/img/loader.html]
[www.lalal.ai/de/privacy-policy/index.html]
[s.lalal.ai/img/home/api.html]
[www.lalal.ai/it/press/index.html]
[www.lalal.ai/it/media-kit/index.html]
[www.lalal.ai/it/privacy-policy/index.html]
[www.lalal.ai/ja/terms-and-conditions/index.html]
[www.lalal.ai/ja/media-kit/index.html]
[www.lalal.ai/ja/press/index.html]
[www.lalal.ai/ja/privacy-policy/index.html]
[www.lalal.ai/ko/terms-and-conditions/index.html]
[www.lalal.ai/ko/media-kit/index.html]
[www.lalal.ai/ko/press/index.html]
[www.lalal.ai/ko/privacy-policy/index.html]
[www.lalal.ai/es/terms-and-conditions/index.html]
[www.lalal.ai/es/media-kit/index.html]
[www.lalal.ai/es/press/index.html]
[www.lalal.ai/es/privacy-policy/index.html]
[www.lalal.ai/blog/index.html]
[www.lalal.ai/media-kit/index.html]
[www.lalal.ai/blog/tag/new-neural-network/index.html]
[www.lalal.ai/blog/author/oks/index.html]
[i.ytimg.com/vi/IYJioR5x9W0/maxresdefault.jpg]
[www.lalal.ai/blog/phonicmind-vs-lalal-ai-picking-the-best-stem-splitter/index.html]
[i.ytimg.com/vi/s5YCtM0BRG4/maxresdefault.jpg]
[www.lalal.ai/blog/free-package-available-now/index.html]
[www.lalal.ai/blog/lalal-ai-adds-the-8th-stem-for-separation-synthesizer/index.html]
[www.lalal.ai/blog/how-to-find-the-key-of-a-song/index.html]
[i.ytimg.com/vi/58mP3GnNnMU/maxresdefault.jpg]
[i.ytimg.com/vi/AtTM4oMUhxQ/maxresdefault.jpg]
[www.lalal.ai/blog/how-to-make-background-music-for-social-media-videos/index.html]
[www.lalal.ai/blog/lalal-ai-for-business-deploy-our-solution-to-your-server-or-aws/index.html]
[www.lalal.ai/blog/how-to-make-a-tiktok-sound-and-add-it-to-your-video/index.html]
[i.ytimg.com/vi/GTEbmwzv-xo/maxresdefault.jpg]
[www.lalal.ai/press/index.html]
[www.lalal.ai/blog/extract-electric-and-acoustic-guitar-from-any-audio/index.html]
[www.lalal.ai/blog/isolate-drums-in-songs-and-video-clips-with-lalal-ai/index.html]
[www.lalal.ai/privacy-policy/index.html]
[www.lalal.ai/blog/how-to-make-background-music-for-youtube-videos/index.html]
[www.lalal.ai/blog/get-splitting-results-in-all-popular-video-formats/index.html]
[s.lalal.ai/js/components/lazysizes.min.html]
[www.lalal.ai/blog/lalalai-adds-video-support-faster-processing-new-pricing-design/index.html]
[www.lalal.ai/s/bundles/wechat-qr.da5f7fa42ad2b0185bc87b4140e27ef5.svg]
[www.lalal.ai/blog/how-to-add-own-music-to-instagram-posts-and-stories/index.html]
[www.lalal.ai/blog/beyond-music-5-fields-stem-separation-is-used-in/index.html]
[www.lalal.ai/s/img/icons/check.svg]
[www.lalal.ai/blog/4-ai-uses-in-music/index.html]
[www.lalal.ai/blog/api-access-for-businesses-and-developers/index.html]
[www.lalal.ai/s/img/home/modern.svg]
[www.lalal.ai/blog/how-lalal-ai-works-and-how-to-improve-the-splitting-results/index.html]
[www.lalal.ai/blog/creator-packages/index.html]
[www.lalal.ai/s/img/home/modern.min.svg]
[www.lalal.ai/s/bundles/check.4f333b0371ddaf74832e2bc2b621a78a.svg]
[www.lalal.ai/s/bundles/help-3f96129399f4866bf070.css]
[www.lalal.ai/zh-hans/help/index.html]
[www.lalal.ai/blog/audio-processing-filter/index.html]
[www.lalal.ai/zh-hant/help/index.html]
[www.lalal.ai/blog/lalal-ai-vs-spleeter-quality-comparison-test/index.html]
[www.lalal.ai/zh-hans/guides/how-to-remove-vocal-from-a-song/index.html]
[www.lalal.ai/fr/help/index.html]
[www.lalal.ai/zh-hans/guides/how-to-create-an-acapella-from-a-song/index.html]
[www.lalal.ai/zh-hans/guides/how-to-create-an-instrumental-track/index.html]
[www.lalal.ai/de/help/index.html]
[www.lalal.ai/zh-hans/guides/how-to-extract-voice-from-any-video-or-movie/index.html]
[www.lalal.ai/it/help/index.html]
[www.lalal.ai/zh-hans/guides/how-to-remove-drums-and-percussion/index.html]
[www.lalal.ai/zh-hans/guides/how-to-remove-bass/index.html]
[www.lalal.ai/zh-hans/guides/how-to-remove-piano/index.html]
[www.lalal.ai/ja/help/index.html]
[www.lalal.ai/zh-hans/guides/how-to-remove-guitar/index.html]
[www.lalal.ai/zh-hans/guides/how-to-create-a-mashup/index.html]
[www.lalal.ai/zh-hans/guides/how-to-make-beats/index.html]
[www.lalal.ai/ko/help/index.html]
[www.lalal.ai/zh-hant/guides/how-to-remove-vocal-from-a-song/index.html]
[www.lalal.ai/zh-hant/guides/how-to-create-an-acapella-from-a-song/index.html]
[www.lalal.ai/es/help/index.html]
[www.lalal.ai/zh-hant/guides/how-to-create-an-instrumental-track/index.html]
[www.lalal.ai/zh-hant/guides/how-to-extract-voice-from-any-video-or-movie/index.html]
[www.lalal.ai/zh-hant/guides/how-to-remove-drums-and-percussion/index.html]
[www.lalal.ai/zh-hant/guides/how-to-remove-bass/index.html]
[www.lalal.ai/zh-hant/guides/how-to-remove-piano/index.html]
[www.lalal.ai/zh-hant/guides/how-to-remove-guitar/index.html]
[www.lalal.ai/zh-hant/guides/how-to-create-a-mashup/index.html]
[i.ytimg.com/vi/VMWjaI8xfwE/maxresdefault.jpg]
[www.lalal.ai/guides/how-to-remove-vocal-from-a-song/index.html]
[www.lalal.ai/zh-hant/guides/how-to-make-beats/index.html]
[www.lalal.ai/fr/guides/how-to-remove-vocal-from-a-song/index.html]
[www.lalal.ai/fr/guides/how-to-create-an-acapella-from-a-song/index.html]
[www.lalal.ai/fr/guides/how-to-create-an-instrumental-track/index.html]
[i.ytimg.com/vi/Upoxpy-vn6g/maxresdefault.jpg]
[www.lalal.ai/guides/how-to-create-an-acapella-from-a-song/index.html]
[www.lalal.ai/fr/guides/how-to-extract-voice-from-any-video-or-movie/index.html]
[www.lalal.ai/fr/guides/how-to-remove-bass/index.html]
[www.lalal.ai/fr/guides/how-to-remove-drums-and-percussion/index.html]
[www.lalal.ai/fr/guides/how-to-remove-piano/index.html]
[i.ytimg.com/vi/ZdKr7F_qg5g/maxresdefault.jpg]
[www.lalal.ai/guides/how-to-create-an-instrumental-track/index.html]
[www.lalal.ai/fr/guides/how-to-remove-guitar/index.html]
[www.lalal.ai/fr/guides/how-to-create-a-mashup/index.html]
[www.lalal.ai/fr/guides/how-to-make-beats/index.html]
[www.lalal.ai/de/guides/how-to-remove-vocal-from-a-song/index.html]
[i.ytimg.com/vi/twIeI-Muuk0/maxresdefault.jpg]
[www.lalal.ai/guides/how-to-extract-voice-from-any-video-or-movie/index.html]
[www.lalal.ai/de/guides/how-to-create-an-acapella-from-a-song/index.html]
[www.lalal.ai/de/guides/how-to-create-an-instrumental-track/index.html]
[www.lalal.ai/de/guides/how-to-extract-voice-from-any-video-or-movie/index.html]
[www.lalal.ai/de/guides/how-to-remove-drums-and-percussion/index.html]
[i.ytimg.com/vi/v51nn2X1EtA/maxresdefault.jpg]
[www.lalal.ai/guides/how-to-remove-drums-and-percussion/index.html]
[www.lalal.ai/de/guides/how-to-remove-bass/index.html]
[www.lalal.ai/de/guides/how-to-remove-piano/index.html]
[www.lalal.ai/de/guides/how-to-remove-guitar/index.html]
[www.lalal.ai/de/guides/how-to-create-a-mashup/index.html]
[www.lalal.ai/de/guides/how-to-make-beats/index.html]
[i.ytimg.com/vi/p-CvMZwrSEc/maxresdefault.jpg]
[www.lalal.ai/guides/how-to-remove-bass/index.html]
[www.lalal.ai/it/guides/how-to-remove-vocal-from-a-song/index.html]
[www.lalal.ai/it/guides/how-to-create-an-instrumental-track/index.html]
[www.lalal.ai/it/guides/how-to-create-an-acapella-from-a-song/index.html]
[www.lalal.ai/it/guides/how-to-extract-voice-from-any-video-or-movie/index.html]
[i.ytimg.com/vi/EB4SEjru-GU/maxresdefault.jpg]
[www.lalal.ai/guides/how-to-remove-piano/index.html]
[www.lalal.ai/it/guides/how-to-remove-drums-and-percussion/index.html]
[www.lalal.ai/it/guides/how-to-remove-piano/index.html]
[www.lalal.ai/it/guides/how-to-remove-bass/index.html]
[www.lalal.ai/it/guides/how-to-remove-guitar/index.html]
[i.ytimg.com/vi/9x7Nuyhicic/maxresdefault.jpg]
[www.lalal.ai/guides/how-to-remove-guitar/index.html]
[www.lalal.ai/it/guides/how-to-create-a-mashup/index.html]
[www.lalal.ai/it/guides/how-to-make-beats/index.html]
[www.lalal.ai/ja/guides/how-to-remove-vocal-from-a-song/index.html]
[www.lalal.ai/ja/guides/how-to-create-an-acapella-from-a-song/index.html]
[www.lalal.ai/ja/guides/how-to-create-an-instrumental-track/index.html]
[www.lalal.ai/ja/guides/how-to-extract-voice-from-any-video-or-movie/index.html]
[www.lalal.ai/ja/guides/how-to-remove-drums-and-percussion/index.html]
[www.lalal.ai/ja/guides/how-to-remove-bass/index.html]
[www.lalal.ai/guides/how-to-create-a-mashup/index.html]
[www.lalal.ai/ja/guides/how-to-remove-piano/index.html]
[www.lalal.ai/ja/guides/how-to-remove-guitar/index.html]
[www.lalal.ai/ja/guides/how-to-create-a-mashup/index.html]
[www.lalal.ai/ja/guides/how-to-make-beats/index.html]
[www.lalal.ai/ko/guides/how-to-remove-vocal-from-a-song/index.html]
[www.lalal.ai/ko/guides/how-to-create-an-acapella-from-a-song/index.html]
[www.lalal.ai/ko/guides/how-to-create-an-instrumental-track/index.html]
[www.lalal.ai/guides/how-to-make-beats/index.html]
[www.lalal.ai/s/bundles/terms-7a572a6bf128544bb05d.css]
[www.lalal.ai/zh-hans/about/index.html]
[www.lalal.ai/zh-hant/about/index.html]
[www.lalal.ai/ko/guides/how-to-extract-voice-from-any-video-or-movie/index.html]
[www.lalal.ai/fr/about/index.html]
[www.lalal.ai/ko/guides/how-to-remove-drums-and-percussion/index.html]
[www.lalal.ai/ko/guides/how-to-remove-bass/index.html]
[www.lalal.ai/de/about/index.html]
[www.lalal.ai/ko/guides/how-to-remove-guitar/index.html]
[www.lalal.ai/ko/guides/how-to-remove-piano/index.html]
[www.lalal.ai/it/about/index.html]
[www.lalal.ai/ko/guides/how-to-create-a-mashup/index.html]
[www.lalal.ai/ko/guides/how-to-make-beats/index.html]
[www.lalal.ai/ja/about/index.html]
[www.lalal.ai/es/guides/how-to-remove-vocal-from-a-song/index.html]
[www.lalal.ai/es/guides/how-to-create-an-acapella-from-a-song/index.html]
[www.lalal.ai/es/guides/how-to-create-an-instrumental-track/index.html]
[www.lalal.ai/ko/about/index.html]
[www.lalal.ai/es/guides/how-to-extract-voice-from-any-video-or-movie/index.html]
[www.lalal.ai/es/about/index.html]
[www.lalal.ai/es/guides/how-to-remove-drums-and-percussion/index.html]
[www.lalal.ai/es/guides/how-to-remove-bass/index.html]
[s.lalal.ai/img/about/about.html]
[www.lalal.ai/es/guides/how-to-remove-piano/index.html]
[www.lalal.ai/s/bundles/businessSolutions-fa9f3fd464b46e32ccf0.css]
[www.lalal.ai/zh-hans/business-solutions/index.html]
[www.lalal.ai/zh-hant/business-solutions/index.html]
[www.lalal.ai/fr/business-solutions/index.html]
[www.lalal.ai/de/business-solutions/index.html]
[www.lalal.ai/it/business-solutions/index.html]
[www.lalal.ai/es/guides/how-to-remove-guitar/index.html]
[www.lalal.ai/ja/business-solutions/index.html]
[www.lalal.ai/ko/business-solutions/index.html]
[www.lalal.ai/es/business-solutions/index.html]
[s.lalal.ai/img/home/how-it-works.html]
[www.lalal.ai/zh-hans/terms-and-conditions/index.html]
[www.lalal.ai/zh-hans/media-kit/index.html]
[www.lalal.ai/zh-hans/press/index.html]
[www.lalal.ai/zh-hans/privacy-policy/index.html]
[www.lalal.ai/zh-hant/terms-and-conditions/index.html]
[www.lalal.ai/zh-hant/media-kit/index.html]
[www.lalal.ai/zh-hant/press/index.html]
[www.lalal.ai/zh-hant/privacy-policy/index.html]
[www.lalal.ai/fr/terms-and-conditions/index.html]
[www.lalal.ai/es/guides/how-to-create-a-mashup/index.html]
[www.lalal.ai/fr/media-kit/index.html]
[www.lalal.ai/fr/press/index.html]
[www.lalal.ai/fr/privacy-policy/index.html]
[www.lalal.ai/de/terms-and-conditions/index.html]
[www.lalal.ai/de/media-kit/index.html]
[www.lalal.ai/de/press/index.html]
[www.lalal.ai/de/privacy-policy/index.html]
[www.lalal.ai/it/terms-and-conditions/index.html]
[www.lalal.ai/it/media-kit/index.html]
[www.lalal.ai/it/press/index.html]
[www.lalal.ai/it/privacy-policy/index.html]
[www.lalal.ai/ja/terms-and-conditions/index.html]
[www.lalal.ai/ja/media-kit/index.html]
[www.lalal.ai/ja/press/index.html]
[www.lalal.ai/ja/privacy-policy/index.html]
[www.lalal.ai/ko/terms-and-conditions/index.html]
[www.lalal.ai/es/guides/how-to-make-beats/index.html]
[www.lalal.ai/ko/media-kit/index.html]
[www.lalal.ai/ko/press/index.html]
[www.lalal.ai/ko/privacy-policy/index.html]
[www.lalal.ai/es/terms-and-conditions/index.html]
[www.lalal.ai/es/media-kit/index.html]
[www.lalal.ai/es/press/index.html]
[www.lalal.ai/es/privacy-policy/index.html]
[www.lalal.ai/blog/assets/built/screen48eb.css]
[sblog.lalal.ai/ghost/2021/01/Frame-4-1.html]
[www.lalal.ai/blog/tag/new-neural-network/index.html]
[sblog.lalal.ai/ghost/2021/11/circle-cropped.html]
[www.lalal.ai/blog/author/oks/index.html]
[sblog.lalal.ai/ghost/2021/03/Meet-LALAL.AI-Cassiopeia_-A-Milestone-in-Music-Source-Separation.html]
[www.lalal.ai/blog/phonicmind-vs-lalal-ai-picking-the-best-stem-splitter/index.html]
[sblog.lalal.ai/ghost/2021/04/LALAL_AI-blog-1.html]
[www.lalal.ai/blog/free-package-available-now/index.html]
[sblog.lalal.ai/ghost/2021/03/Split-3-Songs-for-Free-with-New-LALAL.AI-Package.html]
[sblog.lalal.ai/ghost/2021/01/screen.html]
[www.lalal.ai/blog/lalal-ai-adds-the-8th-stem-for-separation-synthesizer/index.html]
[sblog.lalal.ai/ghost/2021/11/Medium_LALAL_AI_Adds_the_8th_Stem_for_Separation_Synthesizer.html]
[www.lalal.ai/blog/tag/free-access/index.html]
[www.lalal.ai/blog/how-to-find-the-key-of-a-song/index.html]
[sblog.lalal.ai/ghost/2021/11/Medium.-Isolate-drums--bass-and-piano-with-LALAL.AI--2-.html]
[www.lalal.ai/blog/how-to-make-background-music-for-social-media-videos/index.html]
[sblog.lalal.ai/ghost/2021/08/Medium_How_to-make_background_music_for_social_media_videos.html]
[www.lalal.ai/blog/lalal-ai-for-business-deploy-our-solution-to-your-server-or-aws/index.html]
[sblog.lalal.ai/ghost/2021/08/Medium.-On-premise--server--solution-available--2-.html]
[www.lalal.ai/blog/how-to-make-a-tiktok-sound-and-add-it-to-your-video/index.html]
[sblog.lalal.ai/ghost/2021/08/Medium.-original-sound.html]
[www.lalal.ai/blog/extract-electric-and-acoustic-guitar-from-any-audio/index.html]
[sblog.lalal.ai/ghost/2021/09/Medium_Extract_Electric_and_Acoustic_Guitars_Any_from_Audio.html]
[www.lalal.ai/blog/isolate-drums-in-songs-and-video-clips-with-lalal-ai/index.html]
[sblog.lalal.ai/ghost/2021/09/Medium.-Isolate-drums--bass-and-piano-with-LALAL.AI.html]
[www.lalal.ai/blog/how-to-make-background-music-for-youtube-videos/index.html]
[sblog.lalal.ai/ghost/2021/08/Medium_How_to-create_a-background_music_for_your_YouTube_video.html]
[www.lalal.ai/blog/get-splitting-results-in-all-popular-video-formats/index.html]
[sblog.lalal.ai/ghost/2021/07/Medium.-Video-formats-output-supported-2.html]
[www.lalal.ai/blog/tag/new-feature/index.html]
[www.lalal.ai/blog/tag/instruction/index.html]
[www.lalal.ai/blog/lalalai-adds-video-support-faster-processing-new-pricing-design/index.html]
[sblog.lalal.ai/ghost/2021/06/Facebook_More_formats_and_faster_processing_with_premium_packages-1.html]
[www.lalal.ai/blog/how-to-add-own-music-to-instagram-posts-and-stories/index.html]
[sblog.lalal.ai/ghost/2021/05/Medium_How_to_add_own_music_into_Instagram_posts_and_stories-1.html]
[www.lalal.ai/blog/tag/pricing-update/index.html]
[www.lalal.ai/blog/beyond-music-5-fields-stem-separation-is-used-in/index.html]
[sblog.lalal.ai/ghost/2021/04/sincerely-media-elbjjDUSU2c-unsplash--2-.html]
[www.lalal.ai/blog/4-ai-uses-in-music/index.html]
[sblog.lalal.ai/ghost/2021/01/ppp.html]
[www.lalal.ai/blog/api-access-for-businesses-and-developers/index.html]
[sblog.lalal.ai/ghost/2021/01/1_02Iuk9uFD_dzznHCqNZ9CA.html]
[www.lalal.ai/blog/how-lalal-ai-works-and-how-to-improve-the-splitting-results/index.html]
[sblog.lalal.ai/ghost/2021/01/1_D3z_pPpbgJ_t2wqmENeORA.html]
[www.lalal.ai/blog/creator-packages/index.html]
[sblog.lalal.ai/ghost/2021/01/1_q3SmamTsCi1pRGeEDQramg-1.html]
[www.lalal.ai/blog/audio-processing-filter/index.html]
[sblog.lalal.ai/ghost/2021/01/1_rPiqpMjyvudP3BOlcEpWdA--1--1.html]
[www.lalal.ai/blog/tag/how-it-works/index.html]
[www.lalal.ai/blog/tag/new-pricing-options/index.html]
[www.lalal.ai/blog/tag/quality-test/index.html]
[www.lalal.ai/blog/lalal-ai-vs-spleeter-quality-comparison-test/index.html]
[sblog.lalal.ai/ghost/2021/01/1_k7a3PHu1eUcVyQbf5wo_8w-1.html]
[www.lalal.ai/zh-hans/guides/how-to-remove-vocal-from-a-song/index.html]
[www.lalal.ai/zh-hans/guides/how-to-create-an-acapella-from-a-song/index.html]
[www.lalal.ai/zh-hans/guides/how-to-create-an-instrumental-track/index.html]
[www.lalal.ai/zh-hans/guides/how-to-extract-voice-from-any-video-or-movie/index.html]
[www.lalal.ai/zh-hans/guides/how-to-remove-drums-and-percussion/index.html]
[www.lalal.ai/zh-hans/guides/how-to-remove-bass/index.html]
[www.lalal.ai/zh-hans/guides/how-to-remove-piano/index.html]
[www.lalal.ai/zh-hans/guides/how-to-remove-guitar/index.html]
[www.lalal.ai/zh-hans/guides/how-to-create-a-mashup/index.html]
[www.lalal.ai/zh-hans/guides/how-to-make-beats/index.html]
[www.lalal.ai/zh-hant/guides/how-to-remove-vocal-from-a-song/index.html]
[www.lalal.ai/zh-hant/guides/how-to-create-an-acapella-from-a-song/index.html]
[www.lalal.ai/zh-hant/guides/how-to-create-an-instrumental-track/index.html]
[www.lalal.ai/zh-hant/guides/how-to-extract-voice-from-any-video-or-movie/index.html]
[www.lalal.ai/zh-hant/guides/how-to-remove-drums-and-percussion/index.html]
[www.lalal.ai/zh-hant/guides/how-to-remove-bass/index.html]
[www.lalal.ai/zh-hant/guides/how-to-remove-piano/index.html]
[www.lalal.ai/zh-hant/guides/how-to-remove-guitar/index.html]
[www.lalal.ai/zh-hant/guides/how-to-create-a-mashup/index.html]
[www.lalal.ai/zh-hant/guides/how-to-make-beats/index.html]
[www.lalal.ai/fr/guides/how-to-remove-vocal-from-a-song/index.html]
[www.lalal.ai/fr/guides/how-to-create-an-acapella-from-a-song/index.html]
[www.lalal.ai/fr/guides/how-to-create-an-instrumental-track/index.html]
[www.lalal.ai/fr/guides/how-to-extract-voice-from-any-video-or-movie/index.html]
[www.lalal.ai/fr/guides/how-to-remove-drums-and-percussion/index.html]
[www.lalal.ai/fr/guides/how-to-remove-bass/index.html]
[www.lalal.ai/fr/guides/how-to-remove-piano/index.html]
[www.lalal.ai/fr/guides/how-to-remove-guitar/index.html]
[www.lalal.ai/fr/guides/how-to-create-a-mashup/index.html]
[www.lalal.ai/fr/guides/how-to-make-beats/index.html]
[www.lalal.ai/de/guides/how-to-remove-vocal-from-a-song/index.html]
[www.lalal.ai/de/guides/how-to-create-an-acapella-from-a-song/index.html]
[www.lalal.ai/de/guides/how-to-create-an-instrumental-track/index.html]
[www.lalal.ai/de/guides/how-to-extract-voice-from-any-video-or-movie/index.html]
[www.lalal.ai/de/guides/how-to-remove-drums-and-percussion/index.html]
[www.lalal.ai/de/guides/how-to-remove-bass/index.html]
[www.lalal.ai/de/guides/how-to-remove-piano/index.html]
[www.lalal.ai/de/guides/how-to-remove-guitar/index.html]
[www.lalal.ai/de/guides/how-to-create-a-mashup/index.html]
[www.lalal.ai/de/guides/how-to-make-beats/index.html]
[www.lalal.ai/it/guides/how-to-remove-vocal-from-a-song/index.html]
[www.lalal.ai/it/guides/how-to-create-an-acapella-from-a-song/index.html]
[www.lalal.ai/it/guides/how-to-create-an-instrumental-track/index.html]
[www.lalal.ai/it/guides/how-to-extract-voice-from-any-video-or-movie/index.html]
[www.lalal.ai/it/guides/how-to-remove-drums-and-percussion/index.html]
[www.lalal.ai/it/guides/how-to-remove-bass/index.html]
[www.lalal.ai/it/guides/how-to-remove-piano/index.html]
[www.lalal.ai/it/guides/how-to-remove-guitar/index.html]
[www.lalal.ai/it/guides/how-to-create-a-mashup/index.html]
[www.lalal.ai/it/guides/how-to-make-beats/index.html]
[www.lalal.ai/ja/guides/how-to-remove-vocal-from-a-song/index.html]
[www.lalal.ai/ja/guides/how-to-create-an-acapella-from-a-song/index.html]
[www.lalal.ai/ja/guides/how-to-create-an-instrumental-track/index.html]
[www.lalal.ai/ja/guides/how-to-extract-voice-from-any-video-or-movie/index.html]
[www.lalal.ai/ja/guides/how-to-remove-drums-and-percussion/index.html]
[www.lalal.ai/ja/guides/how-to-remove-bass/index.html]
[www.lalal.ai/ja/guides/how-to-remove-piano/index.html]
[www.lalal.ai/ja/guides/how-to-remove-guitar/index.html]
[www.lalal.ai/ja/guides/how-to-create-a-mashup/index.html]
[www.lalal.ai/ja/guides/how-to-make-beats/index.html]
[www.lalal.ai/ko/guides/how-to-remove-vocal-from-a-song/index.html]
[www.lalal.ai/ko/guides/how-to-create-an-acapella-from-a-song/index.html]
[www.lalal.ai/ko/guides/how-to-create-an-instrumental-track/index.html]
[www.lalal.ai/ko/guides/how-to-extract-voice-from-any-video-or-movie/index.html]
[www.lalal.ai/ko/guides/how-to-remove-drums-and-percussion/index.html]
[www.lalal.ai/ko/guides/how-to-remove-bass/index.html]
[www.lalal.ai/ko/guides/how-to-remove-piano/index.html]
[www.lalal.ai/ko/guides/how-to-remove-guitar/index.html]
[www.lalal.ai/ko/guides/how-to-create-a-mashup/index.html]
[www.lalal.ai/ko/guides/how-to-make-beats/index.html]
[www.lalal.ai/es/guides/how-to-remove-vocal-from-a-song/index.html]
[www.lalal.ai/es/guides/how-to-create-an-acapella-from-a-song/index.html]
[www.lalal.ai/es/guides/how-to-create-an-instrumental-track/index.html]
[www.lalal.ai/es/guides/how-to-extract-voice-from-any-video-or-movie/index.html]
[www.lalal.ai/es/guides/how-to-remove-drums-and-percussion/index.html]
[www.lalal.ai/es/guides/how-to-remove-bass/index.html]
[www.lalal.ai/es/guides/how-to-remove-piano/index.html]
[www.lalal.ai/es/guides/how-to-remove-guitar/index.html]
[www.lalal.ai/es/guides/how-to-create-a-mashup/index.html]
[www.lalal.ai/es/guides/how-to-make-beats/index.html]
[s.lalal.ai/img/articles/how-to-create-a-mashup/file_import.html]
[s.lalal.ai/img/articles/how-to-create-a-mashup/select_vocal_track.html]
[s.lalal.ai/img/articles/how-to-create-a-mashup/change_pitch.html]
[s.lalal.ai/img/articles/how-to-create-a-mashup/pitch_of_the_track.html]
[s.lalal.ai/img/articles/how-to-create-a-mashup/play_button.html]
[s.lalal.ai/img/articles/how-to-create-a-mashup/adjust_the_pitch.html]
[s.lalal.ai/img/articles/how-to-create-a-mashup/effect_change_tempo.html]
[s.lalal.ai/img/articles/how-to-create-a-mashup/the_point.html]
[s.lalal.ai/img/articles/how-to-create-a-mashup/time_shift_tool.html]
[s.lalal.ai/img/articles/how-to-create-a-mashup/drag_the_vocals.html]
[s.lalal.ai/img/articles/how-to-create-a-mashup/export_mashup.html]
[s.lalal.ai/img/articles/how-to-make-beats/add-click-track.html]
[s.lalal.ai/img/articles/how-to-make-beats/bpm.html]
[s.lalal.ai/img/articles/how-to-make-beats/analyze.html]
[s.lalal.ai/img/articles/how-to-make-beats/beat_finder.html]
[s.lalal.ai/img/articles/how-to-make-beats/b_markers.html]
[s.lalal.ai/img/articles/how-to-make-beats/zoom_in.html]
[s.lalal.ai/img/articles/how-to-make-beats/snap_to.html]
[s.lalal.ai/img/articles/how-to-make-beats/concat.html]
[s.lalal.ai/img/articles/how-to-make-beats/upload_track.html]
[s.lalal.ai/img/articles/how-to-make-beats/loop_the_track.html]
[s.lalal.ai/img/articles/how-to-make-beats/selection-tool.html]
[s.lalal.ai/img/articles/how-to-make-beats/repeat.html]
[s.lalal.ai/img/articles/how-to-make-beats/effects.html]
[s.lalal.ai/img/articles/how-to-make-beats/remove_tracks_with_clicks.html]
[s.lalal.ai/img/articles/how-to-make-beats/save_the_beats_track.html]
[sblog.lalal.ai/ghost/2021/01/download--9-.html]
[www.lalal.ai/blog/tag/free-access/index.html]
[sblog.lalal.ai/ghost/2021/02/Screenshot_185.html]
[sblog.lalal.ai/ghost/2021/02/Screenshot_200-1.html]
[sblog.lalal.ai/ghost/2021/02/1_WiG71vLYeGZSp0U_02qU_A.html]
[www.lalal.ai/blog/tag/new-feature/index.html]
[sblog.lalal.ai/ghost/2021/11/Screenshot_101ff.html]
[www.lalal.ai/blog/tag/instruction/index.html]
[sblog.lalal.ai/ghost/2021/11/kelly-sikkema-X-etICbUKec-unsplash.html]
[sblog.lalal.ai/ghost/2021/11/kelly-sikkema-HwU5H9Y6aL8-unsplash.html]
[www.lalal.ai/blog/tag/pricing-update/index.html]
[sblog.lalal.ai/ghost/2021/06/Screenshot_4-3.html]
[sblog.lalal.ai/ghost/2021/06/Screenshot_10-1.html]
[sblog.lalal.ai/ghost/2021/04/mason-kimbarovsky-X_d7m2r70bA-unsplash--2-.html]
[sblog.lalal.ai/ghost/2021/04/jenny-ueberberg-B8A3_0qfNzg-unsplash.html]
[sblog.lalal.ai/ghost/2021/04/luke-chesser-JKUTrJ4vK00-unsplash.html]
[sblog.lalal.ai/ghost/2021/04/michael-lee-5Z9bgfRZLLE-unsplash-1.html]
[sblog.lalal.ai/ghost/2021/04/joy-real-upk3M2NEP_s-unsplash-2.html]
[sblog.lalal.ai/ghost/2021/01/err.html]
[sblog.lalal.ai/ghost/2021/01/wwq.html]
[sblog.lalal.ai/ghost/2021/01/e3r.html]
[www.lalal.ai/blog/tag/how-it-works/index.html]
[www.lalal.ai/blog/tag/new-pricing-options/index.html]
[sblog.lalal.ai/ghost/2021/01/1_q3SmamTsCi1pRGeEDQramg.html]
[www.lalal.ai/blog/tag/quality-test/index.html]
[sblog.lalal.ai/ghost/2021/01/1_6bZZAANBfEg3sV16JRQ5_w.html]
[sblog.lalal.ai/ghost/2021/01/1_nEztgPCYj-w5yAEujJoMSA.html]
[sblog.lalal.ai/ghost/2021/01/1_-x05TLp8NFtyvqf4-73o5w.html]
[sblog.lalal.ai/ghost/2021/01/1_ZYp8WH5LjLg8APDofAk-9w.html]
[sblog.lalal.ai/ghost/2021/01/1_ck3kN1WFn8VEbMjW1C5j_g.html]
[sblog.lalal.ai/ghost/2021/01/Screenshot_208.html]
[sblog.lalal.ai/ghost/2021/01/Screenshot_209.html]
[sblog.lalal.ai/ghost/2021/01/Screenshot_210.html]
[sblog.lalal.ai/ghost/2021/01/Screenshot_211.html]
[sblog.lalal.ai/ghost/2021/01/Screenshot_212.html]
[sblog.lalal.ai/ghost/2021/01/Screenshot_208-1.html]
[sblog.lalal.ai/ghost/2021/01/1_nxKJArF4Dk7WbKjkRlvOLg.html]
[sblog.lalal.ai/ghost/2021/01/1_LhacOG0756QA7rJndWCNDw.html]
[sblog.lalal.ai/ghost/2021/01/1_WW2_yTXKU_vQ6f6UAHtjsg.html]
[sblog.lalal.ai/ghost/2021/01/1_9MQ9-OQRmsQG0tuVcpN62g--1-.html]
[sblog.lalal.ai/ghost/2021/01/Screenshot_214.html]
